0000000000000004 D global_array
000000000000000f T global_func
0000000000000000 D global_var
0000000000000000 t local_func
0000000000000033 T main
0000000000000022 W weak_func
000000000000000c V weak_var