Error: Multiple definition of strong symbol: global_var